exports[`test renders TextArea correctly 1`] = `
<div
  className="RichTextEditor__root___2QXK-"
  style={undefined}>
  <div
    className="EditorToolbar__root___3_Aqz"
    style={undefined}>
    <div
      className="ButtonGroup__root___3lEAn">
      <div
        className="ButtonWrap__root___1EO_R">
        <button
          className="IconButton__root___3tqZW Button__root___1gz0c"
          disabled={undefined}
          onClick={[Function]}
          onMouseDown={[Function]}
          title="Bold"
          type="button">
          <span
            className="IconButton__icon-bold___2zl9t IconButton__icon___3YgOS" />
        </button>
      </div>
      <div
        className="ButtonWrap__root___1EO_R">
        <button
          className="IconButton__root___3tqZW Button__root___1gz0c"
          disabled={undefined}
          onClick={[Function]}
          onMouseDown={[Function]}
          title="Italic"
          type="button">
          <span
            className="IconButton__icon-italic___2hHzc IconButton__icon___3YgOS" />
        </button>
      </div>
      <div
        className="ButtonWrap__root___1EO_R">
        <button
          className="IconButton__root___3tqZW Button__root___1gz0c"
          disabled={undefined}
          onClick={[Function]}
          onMouseDown={[Function]}
          title="Strikethrough"
          type="button">
          <span
            className="IconButton__icon-strikethrough___QtE2X IconButton__icon___3YgOS" />
        </button>
      </div>
      <div
        className="ButtonWrap__root___1EO_R">
        <button
          className="IconButton__root___3tqZW Button__root___1gz0c"
          disabled={undefined}
          onClick={[Function]}
          onMouseDown={[Function]}
          title="Monospace"
          type="button">
          <span
            className="IconButton__icon-code___3F1pe IconButton__icon___3YgOS" />
        </button>
      </div>
      <div
        className="ButtonWrap__root___1EO_R">
        <button
          className="IconButton__root___3tqZW Button__root___1gz0c"
          disabled={undefined}
          onClick={[Function]}
          onMouseDown={[Function]}
          title="Underline"
          type="button">
          <span
            className="IconButton__icon-underline___2EmZJ IconButton__icon___3YgOS" />
        </button>
      </div>
    </div>
    <div
      className="ButtonGroup__root___3lEAn">
      <div
        className="ButtonWrap__root___1EO_R">
        <button
          className="IconButton__root___3tqZW Button__root___1gz0c"
          disabled={undefined}
          onClick={[Function]}
          onMouseDown={[Function]}
          title="UL"
          type="button">
          <span
            className="IconButton__icon-unordered-list-item___Pvkrr IconButton__icon___3YgOS" />
        </button>
      </div>
      <div
        className="ButtonWrap__root___1EO_R">
        <button
          className="IconButton__root___3tqZW Button__root___1gz0c"
          disabled={undefined}
          onClick={[Function]}
          onMouseDown={[Function]}
          title="OL"
          type="button">
          <span
            className="IconButton__icon-ordered-list-item___2rzD0 IconButton__icon___3YgOS" />
        </button>
      </div>
      <div
        className="ButtonWrap__root___1EO_R">
        <button
          className="IconButton__root___3tqZW Button__root___1gz0c"
          disabled={undefined}
          onClick={[Function]}
          onMouseDown={[Function]}
          title="Blockquote"
          type="button">
          <span
            className="IconButton__icon-blockquote___17VSX IconButton__icon___3YgOS" />
        </button>
      </div>
    </div>
    <div
      className="ButtonGroup__root___3lEAn">
      <div
        className="ButtonWrap__root___1EO_R">
        <button
          className="IconButton__root___3tqZW Button__root___1gz0c"
          disabled={true}
          onClick={[Function]}
          onMouseDown={undefined}
          onSubmit={[Function]}
          title="Link"
          type="button">
          <span
            className="IconButton__icon-link___2umEl IconButton__icon___3YgOS" />
        </button>
      </div>
      <div
        className="ButtonWrap__root___1EO_R">
        <button
          className="IconButton__root___3tqZW Button__root___1gz0c"
          disabled={true}
          onClick={[Function]}
          onMouseDown={[Function]}
          title="Remove Link"
          type="button">
          <span
            className="IconButton__icon-remove-link___j61pw IconButton__icon___3YgOS" />
        </button>
      </div>
    </div>
    <div
      className="ButtonGroup__root___3lEAn">
      <div
        className="ButtonWrap__root___1EO_R">
        <button
          className="IconButton__root___3tqZW Button__root___1gz0c"
          disabled={undefined}
          onClick={[Function]}
          onMouseDown={undefined}
          onSubmit={[Function]}
          title="Image"
          type="button">
          <span
            className="IconButton__icon-image___1gW7U IconButton__icon___3YgOS" />
        </button>
      </div>
    </div>
    <div
      className="ButtonGroup__root___3lEAn">
      <span
        className="Dropdown__root___3ALmx"
        title="Normal">
        <select
          onChange={[Function]}
          value="unstyled">
          <option
            className={undefined}
            value="unstyled">
            Normal
          </option>
          <option
            className={undefined}
            value="header-one">
            Heading Large
          </option>
          <option
            className={undefined}
            value="header-two">
            Heading Medium
          </option>
          <option
            className={undefined}
            value="header-three">
            Heading Small
          </option>
          <option
            className={undefined}
            value="code-block">
            Code Block
          </option>
        </select>
        <span
          className="Dropdown__value___34Py9">
          Normal
        </span>
      </span>
    </div>
    <div
      className="ButtonGroup__root___3lEAn">
      <div
        className="ButtonWrap__root___1EO_R">
        <button
          className="IconButton__root___3tqZW Button__root___1gz0c"
          disabled={true}
          onClick={[Function]}
          onMouseDown={[Function]}
          title="Undo"
          type="button">
          <span
            className="IconButton__icon-undo___EQSRP IconButton__icon___3YgOS" />
        </button>
      </div>
      <div
        className="ButtonWrap__root___1EO_R">
        <button
          className="IconButton__root___3tqZW Button__root___1gz0c"
          disabled={true}
          onClick={[Function]}
          onMouseDown={[Function]}
          title="Redo"
          type="button">
          <span
            className="IconButton__icon-redo___30MVz IconButton__icon___3YgOS" />
        </button>
      </div>
    </div>
  </div>
  <div
    className="RichTextEditor__editor___1QqIU"
    style={undefined}>
    <div
      className="DraftEditor-root">
      <div
        className="DraftEditor-editorContainer">
        <div
          aria-activedescendant={undefined}
          aria-autocomplete={undefined}
          aria-describedby={null}
          aria-expanded={undefined}
          aria-haspopup={undefined}
          aria-label={undefined}
          aria-owns={undefined}
          autoCapitalize={undefined}
          autoComplete={undefined}
          autoCorrect={undefined}
          className="notranslate public-DraftEditor-content"
          contentEditable={true}
          data-testid={undefined}
          onBeforeInput={[Function]}
          onBlur={[Function]}
          onCompositionEnd={[Function]}
          onCompositionStart={[Function]}
          onCopy={[Function]}
          onCut={[Function]}
          onDragEnd={[Function]}
          onDragEnter={[Function]}
          onDragLeave={[Function]}
          onDragOver={[Function]}
          onDragStart={[Function]}
          onDrop={[Function]}
          onFocus={[Function]}
          onInput={[Function]}
          onKeyDown={[Function]}
          onKeyPress={[Function]}
          onKeyUp={[Function]}
          onMouseUp={[Function]}
          onPaste={[Function]}
          onSelect={[Function]}
          role="textbox"
          spellCheck={true}
          style={
            Object {
              "outline": "none",
              "whiteSpace": "pre-wrap",
              "wordWrap": "break-word",
            }
          }
          suppressContentEditableWarning={true}
          tabIndex={undefined}>
          <div
            data-contents="true">
            <div
              className="RichTextEditor__block___2Vs_D RichTextEditor__paragraph___3NTf9"
              data-block={true}
              data-editor="bfbp1"
              data-offset-key="fsi0q-0-0">
              <div
                className="public-DraftStyleDefault-block public-DraftStyleDefault-ltr"
                data-offset-key="fsi0q-0-0">
                <span
                  data-offset-key="fsi0q-0-0"
                  style={Object {}}>
                  <br
                    data-text="true" />
                </span>
              </div>
            </div>
          </div>
        </div>
      </div>
    </div>
  </div>
</div>
`;
